// Jest Snapshot v1, https://goo.gl/fbAQLP

exports[`<Todo/> matches snapshot 1`] = `
<div>
  <div
    class="MuiBox-root css-bvbvw"
  >
    <form
      class="css-1wg1k7o"
    >
      <div
        class="MuiFormControl-root MuiTextField-root css-136h9lv-MuiFormControl-root-MuiTextField-root"
      >
        <label
          class="MuiFormLabel-root MuiInputLabel-root MuiInputLabel-formControl MuiInputLabel-animated MuiInputLabel-standard MuiFormLabel-colorPrimary MuiInputLabel-root MuiInputLabel-formControl MuiInputLabel-animated MuiInputLabel-standard css-aqpgxn-MuiFormLabel-root-MuiInputLabel-root"
          data-shrink="false"
          for=":r1:"
          id=":r1:-label"
        >
          TODO
        </label>
        <div
          class="MuiInputBase-root MuiInput-root MuiInput-underline MuiInputBase-colorPrimary MuiInputBase-formControl css-v4u5dn-MuiInputBase-root-MuiInput-root"
        >
          <input
            aria-invalid="false"
            class="MuiInputBase-input MuiInput-input css-1x51dt5-MuiInputBase-input-MuiInput-input"
            data-testid="new-todo-input"
            id=":r1:"
            placeholder="할일을 적어보세요!"
            type="text"
            value=""
          />
        </div>
      </div>
      <button
        class="MuiButtonBase-root MuiButton-root MuiButton-text MuiButton-textPrimary MuiButton-sizeMedium MuiButton-textSizeMedium Mui-disabled MuiButton-root MuiButton-text MuiButton-textPrimary MuiButton-sizeMedium MuiButton-textSizeMedium css-1e6y48t-MuiButtonBase-root-MuiButton-root"
        data-testid="new-todo-add-button"
        disabled=""
        tabindex="-1"
        type="submit"
      >
        추가
      </button>
    </form>
    <ul
      class="MuiList-root MuiList-padding css-1bkqi2j-MuiList-root"
    >
      <h6
        class="MuiTypography-root MuiTypography-h6 css-2ulfj5-MuiTypography-root"
      >
        로딩중..
      </h6>
    </ul>
  </div>
</div>
`;
